// Jest Snapshot v1, https://goo.gl/fbAQLP

exports[`MainContent render component without error 1`] = `
<div>
  <main
    class="custom-content-wrapper"
  >
    <h1>
      Welcome
    </h1>
    <section
      class="custom-section"
    >
      <div
        class="custom-section__header"
      >
        <header>
          <a
            class="custom-section__header__title"
            data-testid="custom-section-header"
            href="/love-songs"
          >
            <h2>
              Love songs
            </h2>
          </a>
        </header>
        <a
          class="custom-section__header__redirection"
          data-testid="custom-section-show-all-items"
          href="/love-songs"
        >
          Show all
        </a>
      </div>
      <ul
        class="custom-section__items"
      >
        <li>
          <a
            class="custom-section-item__redirection"
            data-testid="custom-section-item-redirection"
            href="/album/collectionname"
          >
            <div
              class="custom-section-item"
            >
              <div
                class="custom-section-item__image"
              >
                <img
                  alt="image"
                  data-nimg="1"
                  decoding="async"
                  height="100"
                  loading="lazy"
                  src="/_next/image?url=%2Fsome-image-url1.jpg&w=256&q=75"
                  srcset="/_next/image?url=%2Fsome-image-url1.jpg&w=128&q=75 1x, /_next/image?url=%2Fsome-image-url1.jpg&w=256&q=75 2x"
                  style="color: transparent; height: 100%; width: 100%;"
                  width="100"
                />
                <button
                  class="custom-section-item__play-button"
                  data-testid="custom-section-item-play-button"
                >
                  <span
                    aria-label="caret-right"
                    class="anticon anticon-caret-right"
                    role="img"
                  >
                    <svg
                      aria-hidden="true"
                      data-icon="caret-right"
                      fill="currentColor"
                      focusable="false"
                      height="1em"
                      viewBox="0 0 1024 1024"
                      width="1em"
                    >
                      <path
                        d="M715.8 493.5L335 165.1c-14.2-12.2-35-1.2-35 18.5v656.8c0 19.7 20.8 30.7 35 18.5l380.8-328.4c10.9-9.4 10.9-27.6 0-37z"
                      />
                    </svg>
                  </span>
                </button>
              </div>
              <div
                class="music-track-informations"
              >
                <div
                  data-mouseenterdelay="0.5"
                  data-placement="right"
                  data-testid="music-track-informations-track-name-tooltip"
                >
                  <h4
                    class="music-track-informations__text"
                    data-testid="music-track-informations-track-name"
                  >
                    TestTrack
                  </h4>
                  <span>
                    TestTrack
                  </span>
                </div>
                <button
                  class="music-track-informations__text music-track-informations__artist"
                  data-testid="music-track-informations-artist-name"
                >
                  <div
                    data-mouseenterdelay="0.5"
                    data-placement="right"
                    data-testid="music-track-informations-artist-name-tooltip"
                  >
                    <span>
                      Test_Artist
                    </span>
                    <span>
                      Test_Artist
                    </span>
                  </div>
                </button>
              </div>
            </div>
          </a>
        </li>
      </ul>
    </section>
    <section
      class="custom-section"
    >
      <div
        class="custom-section__header"
      >
        <header>
          <a
            class="custom-section__header__title"
            data-testid="custom-section-header"
            href="/love-albums"
          >
            <h2>
              Love albums
            </h2>
          </a>
        </header>
        <a
          class="custom-section__header__redirection"
          data-testid="custom-section-show-all-items"
          href="/love-albums"
        >
          Show all
        </a>
      </div>
      <ul
        class="custom-section__items"
      >
        <li>
          <a
            class="custom-section-item__redirection"
            data-testid="custom-section-item-redirection"
            href="/album/collectionname"
          >
            <div
              class="custom-section-item"
            >
              <div
                class="custom-section-item__image"
              >
                <img
                  alt="image"
                  data-nimg="1"
                  decoding="async"
                  height="100"
                  loading="lazy"
                  src="/_next/image?url=%2Fsome-image-url1.jpg&w=256&q=75"
                  srcset="/_next/image?url=%2Fsome-image-url1.jpg&w=128&q=75 1x, /_next/image?url=%2Fsome-image-url1.jpg&w=256&q=75 2x"
                  style="color: transparent; height: 100%; width: 100%;"
                  width="100"
                />
                <button
                  class="custom-section-item__play-button"
                  data-testid="custom-section-item-play-button"
                >
                  <span
                    aria-label="caret-right"
                    class="anticon anticon-caret-right"
                    role="img"
                  >
                    <svg
                      aria-hidden="true"
                      data-icon="caret-right"
                      fill="currentColor"
                      focusable="false"
                      height="1em"
                      viewBox="0 0 1024 1024"
                      width="1em"
                    >
                      <path
                        d="M715.8 493.5L335 165.1c-14.2-12.2-35-1.2-35 18.5v656.8c0 19.7 20.8 30.7 35 18.5l380.8-328.4c10.9-9.4 10.9-27.6 0-37z"
                      />
                    </svg>
                  </span>
                </button>
              </div>
              <div
                class="album-informations"
              >
                <div
                  data-mouseenterdelay="0.5"
                  data-placement="right"
                  data-testid="album-informations-collection-name-tooltip"
                >
                  <h4
                    class="album-informations__text"
                    data-testid="album-informations-collection-name"
                  >
                    CollectionName
                  </h4>
                  <span>
                    CollectionName
                  </span>
                </div>
                <div
                  class="album-informations__wrapper"
                >
                  <span
                    class="album-informations__release-date"
                    data-testid="album-informations-release-date"
                  >
                    2020
                  </span>
                  <span
                    class="album-informations__separator"
                  >
                    •
                  </span>
                  <button
                    class="album-informations__text album-informations__artist"
                    data-testid="album-informations-artist-name"
                  >
                    <div
                      data-mouseenterdelay="0.5"
                      data-placement="right"
                      data-testid="album-informations-artist-name-tooltip"
                    >
                      <span>
                        Test_Artist
                      </span>
                      <span>
                        Test_Artist
                      </span>
                    </div>
                  </button>
                </div>
              </div>
            </div>
          </a>
        </li>
      </ul>
    </section>
    <section
      class="custom-section"
    >
      <div
        class="custom-section__header"
      >
        <header>
          <a
            class="custom-section__header__title"
            data-testid="custom-section-header"
            href="/most-famous-djs"
          >
            <h2>
              Most Popular DJs
            </h2>
          </a>
        </header>
        <a
          class="custom-section__header__redirection"
          data-testid="custom-section-show-all-items"
          href="/most-famous-djs"
        >
          Show all
        </a>
      </div>
      <ul
        class="custom-section__items"
      >
        <li>
          <a
            class="custom-artist-item"
            data-testid="custom-artist-item-redirection"
            href="/artist/test_artist1"
          >
            <div
              class="custom-artist-item__wrapper"
            >
              <div>
                Test_Artist1
              </div>
            </div>
          </a>
        </li>
      </ul>
    </section>
  </main>
</div>
`;
